BEGIN
SET
DO
SELECT 1
GRANT
                    set_config                    
--------------------------------------------------
 {"sub" : "0ca11f5e-ead2-4520-a556-386bb02b2012"}
(1 row)

UPDATE 1
SET
psql:/Users/ernestog/Documents/LimpiApp_Master/00_Trabajo_Reciente_Julio/limpiapp-erp 3/supabase/staging/asig_eventos1_a/p2b11_v1/ASIG_EVENTOS1_A_P2A_concurrencia_I6_B_v2_5_4.sql:64: NOTICE:  I6_B FASE1 lista.
DO
RESET
>>> BARRERA I6_B: con ambas FASE 1 hechas, presione ENTER para ejecutar la FASE 2 SET
psql:/Users/ernestog/Documents/LimpiApp_Master/00_Trabajo_Reciente_Julio/limpiapp-erp 3/supabase/staging/asig_eventos1_a/p2b11_v1/ASIG_EVENTOS1_A_P2A_concurrencia_I6_B_v2_5_4.sql:82: NOTICE:  I6_B OK: resultado=replayed
DO
RESET
COMMIT
              set_config              
--------------------------------------
 0ca11f5e-ead2-4520-a556-386bb02b2012
(1 row)

 set_config 
------------
 1
(1 row)

psql:/Users/ernestog/Documents/LimpiApp_Master/00_Trabajo_Reciente_Julio/limpiapp-erp 3/supabase/staging/asig_eventos1_a/p2b11_v1/ASIG_EVENTOS1_A_P2A_concurrencia_I6_B_v2_5_4.sql:110: NOTICE:  >>> I6 VERIFICACIÓN OK: exactamente 1 evento (1 created + 1 replayed; idempotencia por opreq).
DO
